// Jest Snapshot v1, https://goo.gl/fbAQLP

exports[`should render 1`] = `
<div
  className="container"
>
  <div
    className="content"
  >
    <h2>
      About
    </h2>
    <br />
    <h5>
      Created by 
      <a
        href="mailto:dmoiseenko@mykolab.com"
      >
        Denis Moiseenko
      </a>
    </h5>
    <h5>
      All source code is available on 
      <a
        href="https://moiden.com/dmoiseenko/wen"
      >
        here
      </a>
    </h5>
    <h5>
      <a
        href="https://moiden.com/dmoiseenko/wen/blob/master/LICENSE"
      >
        MIT License
      </a>
    </h5>
  </div>
</div>
`;
