// Jest Snapshot v1, https://goo.gl/fbAQLP

exports[`should process addNote Mutation 1`] = `
Object {
  "data": Object {
    "addNote": Object {
      "id": 4,
      "text": "note text",
    },
  },
}
`;

exports[`should process me query 1`] = `
Object {
  "data": Object {
    "me": Object {
      "firstName": "John",
      "id": 1,
      "lastName": "Smith",
    },
  },
}
`;

exports[`should process notes query 1`] = `
Object {
  "data": Object {
    "notes": Array [
      Object {
        "id": 1,
        "text": "Well done is better than well said. Benjamin Franklin",
      },
      Object {
        "id": 2,
        "text": "Look deep into nature, and then you will understand everything better. Albert Einstein",
      },
      Object {
        "id": 3,
        "text": "Be yourself; everyone else is already taken. Oscar Wilde",
      },
    ],
  },
}
`;
